2026-09-20 04:31:20,630 : INFO  : main :  : NodeLogger :  :  : #########################################################################################
2026-09-20 04:31:20,631 : INFO  : main :  : NodeLogger :  :  : #                                                                                       #
2026-09-20 04:31:20,631 : INFO  : main :  : NodeLogger :  :  : # Welcome to KNIME Analytics Platform v5.12.0.v202606180846 (Build June 15, 2026)       #
2026-09-20 04:31:20,632 : INFO  : main :  : NodeLogger :  :  : # Based on Eclipse, http://www.eclipse.org                                              #
2026-09-20 04:31:20,632 : INFO  : main :  : NodeLogger :  :  : #                                                                                       #
2026-09-20 04:31:20,632 : INFO  : main :  : NodeLogger :  :  : #########################################################################################
2026-09-20 04:31:20,632 : INFO  : main :  : NodeLogger :  :  : #                                                                                       #
2026-09-20 04:31:20,632 : INFO  : main :  : NodeLogger :  :  : # Copyright by KNIME AG, Zurich, Switzerland and others.                                #
2026-09-20 04:31:20,632 : INFO  : main :  : NodeLogger :  :  : # Website: http://www.knime.com                                                         #
2026-09-20 04:31:20,632 : INFO  : main :  : NodeLogger :  :  : # E-mail: contact@knime.com                                                             #
2026-09-20 04:31:20,632 : INFO  : main :  : NodeLogger :  :  : #                                                                                       #
2026-09-20 04:31:20,632 : INFO  : main :  : NodeLogger :  :  : #########################################################################################
2026-09-20 04:31:20,632 : INFO  : main :  : NodeLogger :  :  : # For more details see the KNIME log file:                                              #
2026-09-20 04:31:20,632 : INFO  : main :  : NodeLogger :  :  : # E:\myliberty-portal\.metadata\knime\knime.log
2026-09-20 04:31:20,632 : INFO  : main :  : NodeLogger :  :  : #---------------------------------------------------------------------------------------#
2026-09-20 04:31:20,640 : INFO  : main :  : NodeLogger :  :  : # logging date=Sun Sep 20 04:31:20 WITA 2026
2026-09-20 04:31:20,640 : INFO  : main :  : NodeLogger :  :  : # java.version=21.0.9
2026-09-20 04:31:20,640 : INFO  : main :  : NodeLogger :  :  : # java.vm.version=21.0.9+10-LTS
2026-09-20 04:31:20,640 : INFO  : main :  : NodeLogger :  :  : # java.vendor=Eclipse Adoptium
2026-09-20 04:31:20,640 : INFO  : main :  : NodeLogger :  :  : # os.name=Windows 11
2026-09-20 04:31:20,640 : INFO  : main :  : NodeLogger :  :  : # os.arch=amd64
2026-09-20 04:31:20,640 : INFO  : main :  : NodeLogger :  :  : # number of CPUs=12
2026-09-20 04:31:20,640 : INFO  : main :  : NodeLogger :  :  : # assertions=off
2026-09-20 04:31:20,646 : INFO  : main :  : NodeLogger :  :  : # host=Aymira
2026-09-20 04:31:20,666 : INFO  : main :  : NodeLogger :  :  : # username=kifli
2026-09-20 04:31:20,666 : INFO  : main :  : NodeLogger :  :  : # max mem=8156MB
2026-09-20 04:31:20,667 : INFO  : main :  : NodeLogger :  :  : # application=org.knime.product.KNIME_APPLICATION
2026-09-20 04:31:20,699 : INFO  : main :  : NodeLogger :  :  : # KNID=11-0ecae2ca93635b01-01-93ea3d51d87578b7
2026-09-20 04:31:20,699 : INFO  : main :  : NodeLogger :  :  : #########################################################################################
2026-09-20 04:31:07,314 : INFO  : main :  : RegisterBouncyCastleProvider :  :  : Added BouncyCastleProvider to Java Security providers
2026-09-20 04:31:23,019 : INFO  : main :  : StringHistory :  :  : History file 'E:\myliberty-portal\.metadata\knime\history_database_drivers.txt' does not exist.
2026-09-20 04:31:23,019 : INFO  : main :  : StringHistory :  :  : History file 'E:\myliberty-portal\.metadata\knime\history_database_urls.txt' does not exist.
2026-09-20 04:31:24,424 : INFO  : Node Repository Initializer :  : StringHistory :  :  : History file 'E:\myliberty-portal\.metadata\knime\history_string2date-formats.txt' does not exist.
2026-09-20 04:31:24,430 : INFO  : Node Repository Initializer :  : MovingAggregationNodeFactory :  :  : Modern dialog for Moving Aggregator node can be enabled via system property "org.knime.base.node.preproc.groupby.dialog". Note: This property will be removed in a future version.

2026-09-20 04:31:26,401 : INFO  : main :  : ProcessWatchdog :  :  : KNIME Process Watchdog memory limit not configured
2026-09-20 04:31:26,402 : INFO  : main :  : ProcessWatchdog :  :  : External process memory watchdog is disabled, because the memory limit is set to -1
2026-09-20 04:31:26,625 : INFO  : Node Repository Initializer :  : StringHistory :  :  : History file 'E:\myliberty-portal\.metadata\knime\history_createFileNameHistoryKey.txt' does not exist.
2026-09-20 04:31:26,993 : INFO  : Node Repository Initializer :  : GroupByNodeFactory :  :  : Modern dialog for GroupBy node can be enabled via system property "org.knime.base.node.preproc.groupby.dialog". Note: This property will be removed in a future version.

2026-09-20 04:31:27,182 : INFO  : Node Repository Initializer :  : ColumnAggregatorNodeFactory :  :  : Modern dialog for Column Aggregator node can be enabled via system property "org.knime.base.node.preproc.groupby.dialog". Note: This property will be removed in a future version.

2026-09-20 04:31:27,277 : INFO  : main :  : StringHistory :  :  : History file 'E:\myliberty-portal\.metadata\knime\history_org.knime.kerberos.name.txt' does not exist.
2026-09-20 04:31:27,518 : INFO  : Node Repository Initializer :  : Pivot2NodeFactory :  :  : Modern dialog for Pivot node can be enabled via system property "org.knime.base.node.preproc.groupby.dialog". Note: This property will be removed in a future version.

2026-09-20 04:31:27,930 : INFO  : Thread-168 :  : KnimeBrowserView :  :  : %cinfo%c Injecting global logger 
      background: #00BCD4;
      border-radius: 0.5em;
      color: white;
      font-weight: bold;
      padding: 2px 0.5em;
      (source: https://org.knime.ui.java/editor/assets/editor-CIijjzSo.js; line: 55)
2026-09-20 04:31:28,596 : ERROR : Thread-786 :  : KnimeBrowserView :  :  : Problem loading UI resources at 'https://org.knime.ui.java/videos/5-4-Explain-Workflow.webm'. See log for details.
java.lang.NullPointerException: Cannot invoke "java.net.URL.openStream()" because the return value of "org.eclipse.core.runtime.FileLocator.toFileURL(java.net.URL)" is null
	at org.knime.ui.java.browser.lifecycle.Create.lambda$4(Create.java:187)
	at org.knime.js.cef.middleware.CEFMiddlewareService.lambda$1(CEFMiddlewareService.java:180)
	at com.equo.middleware.ee.provider.handler.DelegatingSchemeHandler.getResponseData(DelegatingSchemeHandler.java:61)
	at com.equo.chromium.swt.internal.spi.DelegatingCefResourceHandler.getResponseHeaders(DelegatingCefResourceHandler.java:57)
2026-09-20 04:31:30,785 : INFO  : Node Repository Initializer :  : DBDriverRegistry :  :  : Could not find any driver for DBType: DBType(id=vertica, name=Vertica, description=Vertica Analytics Platform)
2026-09-20 04:31:30,786 : INFO  : Node Repository Initializer :  : DBDriverRegistry :  :  : Could not find any driver for DBType: DBType(id=vertica, name=Vertica, description=Vertica Analytics Platform)
2026-09-20 04:31:30,788 : INFO  : Node Repository Initializer :  : DBDriverRegistry :  :  : Could not find any driver for DBType: DBType(id=vertica, name=Vertica, description=Vertica Analytics Platform)
2026-09-20 04:31:30,790 : INFO  : Node Repository Initializer :  : DBDriverRegistry :  :  : Could not find any driver for DBType: DBType(id=mssqlserver, name=Microsoft SQL Server, description=null)
2026-09-20 04:31:30,811 : INFO  : Node Repository Initializer :  : DBDriverRegistry :  :  : Could not find any driver for DBType: DBType(id=mssqlserver, name=Microsoft SQL Server, description=null)
2026-09-20 04:31:30,811 : INFO  : Node Repository Initializer :  : DBDriverRegistry :  :  : Could not find any driver for DBType: DBType(id=mssqlserver, name=Microsoft SQL Server, description=null)
2026-09-20 04:31:30,822 : INFO  : Node Repository Initializer :  : DBDriverRegistry :  :  : Could not find any driver for DBType: DBType(id=oracle, name=Oracle, description=null)
2026-09-20 04:31:30,826 : INFO  : Node Repository Initializer :  : DBDriverRegistry :  :  : Could not find any driver for DBType: DBType(id=oracle, name=Oracle, description=null)
2026-09-20 04:31:30,826 : INFO  : Node Repository Initializer :  : DBDriverRegistry :  :  : Could not find any driver for DBType: DBType(id=oracle, name=Oracle, description=null)
2026-09-20 04:31:33,179 : ERROR : Thread-1354 :  : KnimeBrowserView :  :  : %cerror%c Unhandled rejection:: 
      background: #c0392b;
      border-radius: 0.5em;
      color: white;
      font-weight: bold;
      padding: 2px 0.5em;
      [object PromiseRejectionEvent] (source: https://org.knime.ui.java/editor/assets/editor-CIijjzSo.js; line: 55)
2026-09-20 04:31:33,180 : ERROR : Thread-1356 :  : KnimeBrowserView :  :  : Uncaught (in promise) AbortError: The play() request was interrupted because the media was removed from the document. https://goo.gl/LdLk22 (source: https://org.knime.ui.java/editor/index.html#/get-started; line: 0)
2026-09-20 04:31:39,175 : INFO  : Thread-2735 :  : Server :  :  : jetty-12.0.21; built: 2025-05-09T00:32:00.688Z; git: 1c4719601e31b05b7d68910d2edd980259f1f53c; jvm 21.0.9+10-LTS
2026-09-20 04:31:39,204 : INFO  : Thread-2735 :  : AbstractConnector :  :  : Started ServerConnector@10e09b03{HTTP/1.1, (http/1.1)}{0.0.0.0:51828}
2026-09-20 04:31:39,204 : INFO  : Thread-2735 :  : Server :  :  : Started oejs.Server@412f75de{STARTING}[12.0.21,sto=0] @50426ms
2026-09-20 04:31:39,205 : INFO  : Thread-2735 :  : OAuthAuthenticator :  :  : Opening browser to perform authentication for 'https://api.hub.knime.com'.
2026-09-20 04:32:41,372 : INFO  : Thread-2735 :  : Server :  :  : Stopped oejs.Server@412f75de{STOPPING}[12.0.21,sto=0]
2026-09-20 04:32:41,373 : WARN  : Thread-2735 :  : AbstractLifeCycle :  :  : FAILED oeji.ManagedSelector@1da62d21{FAILED}[id=5 keys=0 selected=0 updates=0 selection:tot=0/avg=0.00/max=0]: java.lang.InterruptedException
java.lang.InterruptedException
	at java.base/java.util.concurrent.locks.AbstractQueuedSynchronizer.acquireSharedInterruptibly(Unknown Source)
	at java.base/java.util.concurrent.CountDownLatch.await(Unknown Source)
	at org.eclipse.jetty.io.ManagedSelector.doStop(ManagedSelector.java:138)
	at org.eclipse.jetty.util.component.AbstractLifeCycle.stop(AbstractLifeCycle.java:132)
	at org.eclipse.jetty.util.component.ContainerLifeCycle.stop(ContainerLifeCycle.java:180)
	at org.eclipse.jetty.util.component.ContainerLifeCycle.doStop(ContainerLifeCycle.java:202)
	at org.eclipse.jetty.io.SelectorManager.doStop(SelectorManager.java:280)
	at org.eclipse.jetty.util.component.AbstractLifeCycle.stop(AbstractLifeCycle.java:132)
	at org.eclipse.jetty.util.component.ContainerLifeCycle.stop(ContainerLifeCycle.java:180)
	at org.eclipse.jetty.util.component.ContainerLifeCycle.doStop(ContainerLifeCycle.java:202)
	at org.eclipse.jetty.server.AbstractConnector.doStop(AbstractConnector.java:375)
	at org.eclipse.jetty.server.AbstractNetworkConnector.doStop(AbstractNetworkConnector.java:83)
	at org.eclipse.jetty.server.ServerConnector.doStop(ServerConnector.java:245)
	at org.eclipse.jetty.util.component.AbstractLifeCycle.stop(AbstractLifeCycle.java:132)
	at org.eclipse.jetty.server.Server.doStop(Server.java:679)
	at org.eclipse.jetty.util.component.AbstractLifeCycle.stop(AbstractLifeCycle.java:132)
	at com.knime.explorer.server.rest.OAuthAuthenticator.stopServer(OAuthAuthenticator.java:811)
	at com.knime.explorer.server.rest.OAuthAuthenticator.login(OAuthAuthenticator.java:659)
	at com.knime.explorer.server.rest.OAuthLoginDialog.lambda$0(OAuthLoginDialog.java:179)
	at java.base/java.lang.Thread.run(Unknown Source)
2026-09-20 04:32:41,377 : WARN  : Thread-2735 :  : AbstractLifeCycle :  :  : FAILED ServerConnectorManager@487b42bd[keys=0]: java.lang.InterruptedException
java.lang.InterruptedException
	at java.base/java.util.concurrent.locks.AbstractQueuedSynchronizer.acquireSharedInterruptibly(Unknown Source)
	at java.base/java.util.concurrent.CountDownLatch.await(Unknown Source)
	at org.eclipse.jetty.io.ManagedSelector.doStop(ManagedSelector.java:138)
	at org.eclipse.jetty.util.component.AbstractLifeCycle.stop(AbstractLifeCycle.java:132)
	at org.eclipse.jetty.util.component.ContainerLifeCycle.stop(ContainerLifeCycle.java:180)
	at org.eclipse.jetty.util.component.ContainerLifeCycle.doStop(ContainerLifeCycle.java:202)
	at org.eclipse.jetty.io.SelectorManager.doStop(SelectorManager.java:280)
	at org.eclipse.jetty.util.component.AbstractLifeCycle.stop(AbstractLifeCycle.java:132)
	at org.eclipse.jetty.util.component.ContainerLifeCycle.stop(ContainerLifeCycle.java:180)
	at org.eclipse.jetty.util.component.ContainerLifeCycle.doStop(ContainerLifeCycle.java:202)
	at org.eclipse.jetty.server.AbstractConnector.doStop(AbstractConnector.java:375)
	at org.eclipse.jetty.server.AbstractNetworkConnector.doStop(AbstractNetworkConnector.java:83)
	at org.eclipse.jetty.server.ServerConnector.doStop(ServerConnector.java:245)
	at org.eclipse.jetty.util.component.AbstractLifeCycle.stop(AbstractLifeCycle.java:132)
	at org.eclipse.jetty.server.Server.doStop(Server.java:679)
	at org.eclipse.jetty.util.component.AbstractLifeCycle.stop(AbstractLifeCycle.java:132)
	at com.knime.explorer.server.rest.OAuthAuthenticator.stopServer(OAuthAuthenticator.java:811)
	at com.knime.explorer.server.rest.OAuthAuthenticator.login(OAuthAuthenticator.java:659)
	at com.knime.explorer.server.rest.OAuthLoginDialog.lambda$0(OAuthLoginDialog.java:179)
	at java.base/java.lang.Thread.run(Unknown Source)
2026-09-20 04:32:41,377 : WARN  : Thread-2735 :  : AbstractLifeCycle :  :  : FAILED ServerConnector@10e09b03{HTTP/1.1, (http/1.1)}{0.0.0.0:51828}: java.lang.InterruptedException
java.lang.InterruptedException
	at java.base/java.util.concurrent.locks.AbstractQueuedSynchronizer.acquireSharedInterruptibly(Unknown Source)
	at java.base/java.util.concurrent.CountDownLatch.await(Unknown Source)
	at org.eclipse.jetty.io.ManagedSelector.doStop(ManagedSelector.java:138)
	at org.eclipse.jetty.util.component.AbstractLifeCycle.stop(AbstractLifeCycle.java:132)
	at org.eclipse.jetty.util.component.ContainerLifeCycle.stop(ContainerLifeCycle.java:180)
	at org.eclipse.jetty.util.component.ContainerLifeCycle.doStop(ContainerLifeCycle.java:202)
	at org.eclipse.jetty.io.SelectorManager.doStop(SelectorManager.java:280)
	at org.eclipse.jetty.util.component.AbstractLifeCycle.stop(AbstractLifeCycle.java:132)
	at org.eclipse.jetty.util.component.ContainerLifeCycle.stop(ContainerLifeCycle.java:180)
	at org.eclipse.jetty.util.component.ContainerLifeCycle.doStop(ContainerLifeCycle.java:202)
	at org.eclipse.jetty.server.AbstractConnector.doStop(AbstractConnector.java:375)
	at org.eclipse.jetty.server.AbstractNetworkConnector.doStop(AbstractNetworkConnector.java:83)
	at org.eclipse.jetty.server.ServerConnector.doStop(ServerConnector.java:245)
	at org.eclipse.jetty.util.component.AbstractLifeCycle.stop(AbstractLifeCycle.java:132)
	at org.eclipse.jetty.server.Server.doStop(Server.java:679)
	at org.eclipse.jetty.util.component.AbstractLifeCycle.stop(AbstractLifeCycle.java:132)
	at com.knime.explorer.server.rest.OAuthAuthenticator.stopServer(OAuthAuthenticator.java:811)
	at com.knime.explorer.server.rest.OAuthAuthenticator.login(OAuthAuthenticator.java:659)
	at com.knime.explorer.server.rest.OAuthLoginDialog.lambda$0(OAuthLoginDialog.java:179)
	at java.base/java.lang.Thread.run(Unknown Source)
2026-09-20 04:32:41,377 : INFO  : Thread-2735 :  : AbstractConnector :  :  : Stopped ServerConnector@10e09b03{HTTP/1.1, (http/1.1)}{0.0.0.0:51828}
2026-09-20 04:32:43,880 : WARN  : qtp708977373-2846 :  : ManagedSelector :  :  : select() failure
java.nio.channels.ClosedSelectorException
	at org.eclipse.jetty.io.ManagedSelector.select(ManagedSelector.java:196)
	at org.eclipse.jetty.io.ManagedSelector$SelectorProducer.select(ManagedSelector.java:614)
	at org.eclipse.jetty.io.ManagedSelector$SelectorProducer.produce(ManagedSelector.java:548)
	at org.eclipse.jetty.util.thread.strategy.AdaptiveExecutionStrategy.produceTask(AdaptiveExecutionStrategy.java:514)
	at org.eclipse.jetty.util.thread.strategy.AdaptiveExecutionStrategy.tryProduce(AdaptiveExecutionStrategy.java:258)
	at org.eclipse.jetty.util.thread.strategy.AdaptiveExecutionStrategy.produce(AdaptiveExecutionStrategy.java:195)
	at org.eclipse.jetty.util.thread.QueuedThreadPool.runJob(QueuedThreadPool.java:981)
	at org.eclipse.jetty.util.thread.QueuedThreadPool$Runner.doRunJob(QueuedThreadPool.java:1211)
	at org.eclipse.jetty.util.thread.QueuedThreadPool$Runner.run(QueuedThreadPool.java:1166)
	at java.base/java.lang.Thread.run(Unknown Source)
2026-09-20 04:32:43,881 : WARN  : Thread-2735 :  : AbstractLifeCycle :  :  : FAILED oejs.Server@412f75de{FAILED}[12.0.21,sto=0]: java.lang.InterruptedException
java.lang.InterruptedException
	at java.base/java.util.concurrent.locks.AbstractQueuedSynchronizer.acquireSharedInterruptibly(Unknown Source)
	at java.base/java.util.concurrent.CountDownLatch.await(Unknown Source)
	at org.eclipse.jetty.io.ManagedSelector.doStop(ManagedSelector.java:138)
	at org.eclipse.jetty.util.component.AbstractLifeCycle.stop(AbstractLifeCycle.java:132)
	at org.eclipse.jetty.util.component.ContainerLifeCycle.stop(ContainerLifeCycle.java:180)
	at org.eclipse.jetty.util.component.ContainerLifeCycle.doStop(ContainerLifeCycle.java:202)
	at org.eclipse.jetty.io.SelectorManager.doStop(SelectorManager.java:280)
	at org.eclipse.jetty.util.component.AbstractLifeCycle.stop(AbstractLifeCycle.java:132)
	at org.eclipse.jetty.util.component.ContainerLifeCycle.stop(ContainerLifeCycle.java:180)
	at org.eclipse.jetty.util.component.ContainerLifeCycle.doStop(ContainerLifeCycle.java:202)
	at org.eclipse.jetty.server.AbstractConnector.doStop(AbstractConnector.java:375)
	at org.eclipse.jetty.server.AbstractNetworkConnector.doStop(AbstractNetworkConnector.java:83)
	at org.eclipse.jetty.server.ServerConnector.doStop(ServerConnector.java:245)
	at org.eclipse.jetty.util.component.AbstractLifeCycle.stop(AbstractLifeCycle.java:132)
	at org.eclipse.jetty.server.Server.doStop(Server.java:679)
	at org.eclipse.jetty.util.component.AbstractLifeCycle.stop(AbstractLifeCycle.java:132)
	at com.knime.explorer.server.rest.OAuthAuthenticator.stopServer(OAuthAuthenticator.java:811)
	at com.knime.explorer.server.rest.OAuthAuthenticator.login(OAuthAuthenticator.java:659)
	at com.knime.explorer.server.rest.OAuthLoginDialog.lambda$0(OAuthLoginDialog.java:179)
	at java.base/java.lang.Thread.run(Unknown Source)
2026-09-20 04:32:43,881 : WARN  : Thread-2735 :  : OAuthAuthenticator :  :  : Could not stop OAuth redirect listener: null
java.lang.InterruptedException
	at java.base/java.util.concurrent.locks.AbstractQueuedSynchronizer.acquireSharedInterruptibly(Unknown Source)
	at java.base/java.util.concurrent.CountDownLatch.await(Unknown Source)
	at org.eclipse.jetty.io.ManagedSelector.doStop(ManagedSelector.java:138)
	at org.eclipse.jetty.util.component.AbstractLifeCycle.stop(AbstractLifeCycle.java:132)
	at org.eclipse.jetty.util.component.ContainerLifeCycle.stop(ContainerLifeCycle.java:180)
	at org.eclipse.jetty.util.component.ContainerLifeCycle.doStop(ContainerLifeCycle.java:202)
	at org.eclipse.jetty.io.SelectorManager.doStop(SelectorManager.java:280)
	at org.eclipse.jetty.util.component.AbstractLifeCycle.stop(AbstractLifeCycle.java:132)
	at org.eclipse.jetty.util.component.ContainerLifeCycle.stop(ContainerLifeCycle.java:180)
	at org.eclipse.jetty.util.component.ContainerLifeCycle.doStop(ContainerLifeCycle.java:202)
	at org.eclipse.jetty.server.AbstractConnector.doStop(AbstractConnector.java:375)
	at org.eclipse.jetty.server.AbstractNetworkConnector.doStop(AbstractNetworkConnector.java:83)
	at org.eclipse.jetty.server.ServerConnector.doStop(ServerConnector.java:245)
	at org.eclipse.jetty.util.component.AbstractLifeCycle.stop(AbstractLifeCycle.java:132)
	at org.eclipse.jetty.server.Server.doStop(Server.java:679)
	at org.eclipse.jetty.util.component.AbstractLifeCycle.stop(AbstractLifeCycle.java:132)
	at com.knime.explorer.server.rest.OAuthAuthenticator.stopServer(OAuthAuthenticator.java:811)
	at com.knime.explorer.server.rest.OAuthAuthenticator.login(OAuthAuthenticator.java:659)
	at com.knime.explorer.server.rest.OAuthLoginDialog.lambda$0(OAuthLoginDialog.java:179)
	at java.base/java.lang.Thread.run(Unknown Source)
2026-09-20 04:32:43,882 : INFO  : Thread-2758 :  : Server :  :  : jetty-12.0.21; built: 2025-05-09T00:32:00.688Z; git: 1c4719601e31b05b7d68910d2edd980259f1f53c; jvm 21.0.9+10-LTS
2026-09-20 04:32:43,890 : INFO  : Thread-2758 :  : AbstractConnector :  :  : Started ServerConnector@786633d0{HTTP/1.1, (http/1.1)}{0.0.0.0:52321}
2026-09-20 04:32:43,890 : INFO  : Thread-2758 :  : Server :  :  : Started oejs.Server@3ba28d18{STARTING}[12.0.21,sto=0] @115113ms
2026-09-20 04:32:43,890 : INFO  : Thread-2758 :  : OAuthAuthenticator :  :  : Opening browser to perform authentication for 'https://api.hub.knime.com'.
2026-09-20 04:32:53,374 : INFO  : Thread-2758 :  : Server :  :  : Stopped oejs.Server@3ba28d18{STOPPING}[12.0.21,sto=0]
2026-09-20 04:32:53,374 : WARN  : Thread-2758 :  : AbstractLifeCycle :  :  : FAILED oeji.ManagedSelector@566595dd{FAILED}[id=5 keys=0 selected=0 updates=1 selection:tot=0/avg=0.00/max=0]: java.lang.InterruptedException
java.lang.InterruptedException
	at java.base/java.util.concurrent.locks.AbstractQueuedSynchronizer.acquireSharedInterruptibly(Unknown Source)
	at java.base/java.util.concurrent.CountDownLatch.await(Unknown Source)
	at org.eclipse.jetty.io.ManagedSelector.doStop(ManagedSelector.java:138)
	at org.eclipse.jetty.util.component.AbstractLifeCycle.stop(AbstractLifeCycle.java:132)
	at org.eclipse.jetty.util.component.ContainerLifeCycle.stop(ContainerLifeCycle.java:180)
	at org.eclipse.jetty.util.component.ContainerLifeCycle.doStop(ContainerLifeCycle.java:202)
	at org.eclipse.jetty.io.SelectorManager.doStop(SelectorManager.java:280)
	at org.eclipse.jetty.util.component.AbstractLifeCycle.stop(AbstractLifeCycle.java:132)
	at org.eclipse.jetty.util.component.ContainerLifeCycle.stop(ContainerLifeCycle.java:180)
	at org.eclipse.jetty.util.component.ContainerLifeCycle.doStop(ContainerLifeCycle.java:202)
	at org.eclipse.jetty.server.AbstractConnector.doStop(AbstractConnector.java:375)
	at org.eclipse.jetty.server.AbstractNetworkConnector.doStop(AbstractNetworkConnector.java:83)
	at org.eclipse.jetty.server.ServerConnector.doStop(ServerConnector.java:245)
	at org.eclipse.jetty.util.component.AbstractLifeCycle.stop(AbstractLifeCycle.java:132)
	at org.eclipse.jetty.server.Server.doStop(Server.java:679)
	at org.eclipse.jetty.util.component.AbstractLifeCycle.stop(AbstractLifeCycle.java:132)
	at com.knime.explorer.server.rest.OAuthAuthenticator.stopServer(OAuthAuthenticator.java:811)
	at com.knime.explorer.server.rest.OAuthAuthenticator.login(OAuthAuthenticator.java:659)
	at com.knime.explorer.server.rest.OAuthLoginDialog.lambda$0(OAuthLoginDialog.java:179)
	at java.base/java.lang.Thread.run(Unknown Source)
2026-09-20 04:32:53,379 : WARN  : Thread-2758 :  : AbstractLifeCycle :  :  : FAILED ServerConnectorManager@1275f8d3[keys=0]: java.lang.InterruptedException
java.lang.InterruptedException
	at java.base/java.util.concurrent.locks.AbstractQueuedSynchronizer.acquireSharedInterruptibly(Unknown Source)
	at java.base/java.util.concurrent.CountDownLatch.await(Unknown Source)
	at org.eclipse.jetty.io.ManagedSelector.doStop(ManagedSelector.java:138)
	at org.eclipse.jetty.util.component.AbstractLifeCycle.stop(AbstractLifeCycle.java:132)
	at org.eclipse.jetty.util.component.ContainerLifeCycle.stop(ContainerLifeCycle.java:180)
	at org.eclipse.jetty.util.component.ContainerLifeCycle.doStop(ContainerLifeCycle.java:202)
	at org.eclipse.jetty.io.SelectorManager.doStop(SelectorManager.java:280)
	at org.eclipse.jetty.util.component.AbstractLifeCycle.stop(AbstractLifeCycle.java:132)
	at org.eclipse.jetty.util.component.ContainerLifeCycle.stop(ContainerLifeCycle.java:180)
	at org.eclipse.jetty.util.component.ContainerLifeCycle.doStop(ContainerLifeCycle.java:202)
	at org.eclipse.jetty.server.AbstractConnector.doStop(AbstractConnector.java:375)
	at org.eclipse.jetty.server.AbstractNetworkConnector.doStop(AbstractNetworkConnector.java:83)
	at org.eclipse.jetty.server.ServerConnector.doStop(ServerConnector.java:245)
	at org.eclipse.jetty.util.component.AbstractLifeCycle.stop(AbstractLifeCycle.java:132)
	at org.eclipse.jetty.server.Server.doStop(Server.java:679)
	at org.eclipse.jetty.util.component.AbstractLifeCycle.stop(AbstractLifeCycle.java:132)
	at com.knime.explorer.server.rest.OAuthAuthenticator.stopServer(OAuthAuthenticator.java:811)
	at com.knime.explorer.server.rest.OAuthAuthenticator.login(OAuthAuthenticator.java:659)
	at com.knime.explorer.server.rest.OAuthLoginDialog.lambda$0(OAuthLoginDialog.java:179)
	at java.base/java.lang.Thread.run(Unknown Source)
2026-09-20 04:32:53,379 : WARN  : Thread-2758 :  : AbstractLifeCycle :  :  : FAILED ServerConnector@786633d0{HTTP/1.1, (http/1.1)}{0.0.0.0:52321}: java.lang.InterruptedException
java.lang.InterruptedException
	at java.base/java.util.concurrent.locks.AbstractQueuedSynchronizer.acquireSharedInterruptibly(Unknown Source)
	at java.base/java.util.concurrent.CountDownLatch.await(Unknown Source)
	at org.eclipse.jetty.io.ManagedSelector.doStop(ManagedSelector.java:138)
	at org.eclipse.jetty.util.component.AbstractLifeCycle.stop(AbstractLifeCycle.java:132)
	at org.eclipse.jetty.util.component.ContainerLifeCycle.stop(ContainerLifeCycle.java:180)
	at org.eclipse.jetty.util.component.ContainerLifeCycle.doStop(ContainerLifeCycle.java:202)
	at org.eclipse.jetty.io.SelectorManager.doStop(SelectorManager.java:280)
	at org.eclipse.jetty.util.component.AbstractLifeCycle.stop(AbstractLifeCycle.java:132)
	at org.eclipse.jetty.util.component.ContainerLifeCycle.stop(ContainerLifeCycle.java:180)
	at org.eclipse.jetty.util.component.ContainerLifeCycle.doStop(ContainerLifeCycle.java:202)
	at org.eclipse.jetty.server.AbstractConnector.doStop(AbstractConnector.java:375)
	at org.eclipse.jetty.server.AbstractNetworkConnector.doStop(AbstractNetworkConnector.java:83)
	at org.eclipse.jetty.server.ServerConnector.doStop(ServerConnector.java:245)
	at org.eclipse.jetty.util.component.AbstractLifeCycle.stop(AbstractLifeCycle.java:132)
	at org.eclipse.jetty.server.Server.doStop(Server.java:679)
	at org.eclipse.jetty.util.component.AbstractLifeCycle.stop(AbstractLifeCycle.java:132)
	at com.knime.explorer.server.rest.OAuthAuthenticator.stopServer(OAuthAuthenticator.java:811)
	at com.knime.explorer.server.rest.OAuthAuthenticator.login(OAuthAuthenticator.java:659)
	at com.knime.explorer.server.rest.OAuthLoginDialog.lambda$0(OAuthLoginDialog.java:179)
	at java.base/java.lang.Thread.run(Unknown Source)
2026-09-20 04:32:53,379 : INFO  : Thread-2758 :  : AbstractConnector :  :  : Stopped ServerConnector@786633d0{HTTP/1.1, (http/1.1)}{0.0.0.0:52321}
2026-09-20 04:32:55,879 : WARN  : qtp828040808-2883 :  : ManagedSelector :  :  : select() failure
java.nio.channels.ClosedSelectorException
	at org.eclipse.jetty.io.ManagedSelector.select(ManagedSelector.java:196)
	at org.eclipse.jetty.io.ManagedSelector$SelectorProducer.select(ManagedSelector.java:614)
	at org.eclipse.jetty.io.ManagedSelector$SelectorProducer.produce(ManagedSelector.java:548)
	at org.eclipse.jetty.util.thread.strategy.AdaptiveExecutionStrategy.produceTask(AdaptiveExecutionStrategy.java:514)
	at org.eclipse.jetty.util.thread.strategy.AdaptiveExecutionStrategy.tryProduce(AdaptiveExecutionStrategy.java:258)
	at org.eclipse.jetty.util.thread.strategy.AdaptiveExecutionStrategy.produce(AdaptiveExecutionStrategy.java:195)
	at org.eclipse.jetty.util.thread.QueuedThreadPool.runJob(QueuedThreadPool.java:981)
	at org.eclipse.jetty.util.thread.QueuedThreadPool$Runner.doRunJob(QueuedThreadPool.java:1211)
	at org.eclipse.jetty.util.thread.QueuedThreadPool$Runner.run(QueuedThreadPool.java:1166)
	at java.base/java.lang.Thread.run(Unknown Source)
2026-09-20 04:32:55,879 : WARN  : Thread-2758 :  : AbstractLifeCycle :  :  : FAILED oejs.Server@3ba28d18{FAILED}[12.0.21,sto=0]: java.lang.InterruptedException
java.lang.InterruptedException
	at java.base/java.util.concurrent.locks.AbstractQueuedSynchronizer.acquireSharedInterruptibly(Unknown Source)
	at java.base/java.util.concurrent.CountDownLatch.await(Unknown Source)
	at org.eclipse.jetty.io.ManagedSelector.doStop(ManagedSelector.java:138)
	at org.eclipse.jetty.util.component.AbstractLifeCycle.stop(AbstractLifeCycle.java:132)
	at org.eclipse.jetty.util.component.ContainerLifeCycle.stop(ContainerLifeCycle.java:180)
	at org.eclipse.jetty.util.component.ContainerLifeCycle.doStop(ContainerLifeCycle.java:202)
	at org.eclipse.jetty.io.SelectorManager.doStop(SelectorManager.java:280)
	at org.eclipse.jetty.util.component.AbstractLifeCycle.stop(AbstractLifeCycle.java:132)
	at org.eclipse.jetty.util.component.ContainerLifeCycle.stop(ContainerLifeCycle.java:180)
	at org.eclipse.jetty.util.component.ContainerLifeCycle.doStop(ContainerLifeCycle.java:202)
	at org.eclipse.jetty.server.AbstractConnector.doStop(AbstractConnector.java:375)
	at org.eclipse.jetty.server.AbstractNetworkConnector.doStop(AbstractNetworkConnector.java:83)
	at org.eclipse.jetty.server.ServerConnector.doStop(ServerConnector.java:245)
	at org.eclipse.jetty.util.component.AbstractLifeCycle.stop(AbstractLifeCycle.java:132)
	at org.eclipse.jetty.server.Server.doStop(Server.java:679)
	at org.eclipse.jetty.util.component.AbstractLifeCycle.stop(AbstractLifeCycle.java:132)
	at com.knime.explorer.server.rest.OAuthAuthenticator.stopServer(OAuthAuthenticator.java:811)
	at com.knime.explorer.server.rest.OAuthAuthenticator.login(OAuthAuthenticator.java:659)
	at com.knime.explorer.server.rest.OAuthLoginDialog.lambda$0(OAuthLoginDialog.java:179)
	at java.base/java.lang.Thread.run(Unknown Source)
2026-09-20 04:32:55,880 : WARN  : Thread-2758 :  : OAuthAuthenticator :  :  : Could not stop OAuth redirect listener: null
java.lang.InterruptedException
	at java.base/java.util.concurrent.locks.AbstractQueuedSynchronizer.acquireSharedInterruptibly(Unknown Source)
	at java.base/java.util.concurrent.CountDownLatch.await(Unknown Source)
	at org.eclipse.jetty.io.ManagedSelector.doStop(ManagedSelector.java:138)
	at org.eclipse.jetty.util.component.AbstractLifeCycle.stop(AbstractLifeCycle.java:132)
	at org.eclipse.jetty.util.component.ContainerLifeCycle.stop(ContainerLifeCycle.java:180)
	at org.eclipse.jetty.util.component.ContainerLifeCycle.doStop(ContainerLifeCycle.java:202)
	at org.eclipse.jetty.io.SelectorManager.doStop(SelectorManager.java:280)
	at org.eclipse.jetty.util.component.AbstractLifeCycle.stop(AbstractLifeCycle.java:132)
	at org.eclipse.jetty.util.component.ContainerLifeCycle.stop(ContainerLifeCycle.java:180)
	at org.eclipse.jetty.util.component.ContainerLifeCycle.doStop(ContainerLifeCycle.java:202)
	at org.eclipse.jetty.server.AbstractConnector.doStop(AbstractConnector.java:375)
	at org.eclipse.jetty.server.AbstractNetworkConnector.doStop(AbstractNetworkConnector.java:83)
	at org.eclipse.jetty.server.ServerConnector.doStop(ServerConnector.java:245)
	at org.eclipse.jetty.util.component.AbstractLifeCycle.stop(AbstractLifeCycle.java:132)
	at org.eclipse.jetty.server.Server.doStop(Server.java:679)
	at org.eclipse.jetty.util.component.AbstractLifeCycle.stop(AbstractLifeCycle.java:132)
	at com.knime.explorer.server.rest.OAuthAuthenticator.stopServer(OAuthAuthenticator.java:811)
	at com.knime.explorer.server.rest.OAuthAuthenticator.login(OAuthAuthenticator.java:659)
	at com.knime.explorer.server.rest.OAuthLoginDialog.lambda$0(OAuthLoginDialog.java:179)
	at java.base/java.lang.Thread.run(Unknown Source)
2026-09-20 04:33:25,388 : INFO  : ModalContext :  : LoadWorkflowRunnable :  :  : New workflow created.
2026-09-20 04:33:26,198 : ERROR : Thread-8388 :  : KnimeBrowserView :  :  : Problem loading UI resources at 'https://org.knime.ui.java/videos/5-4-KAI-Building-Mode.webm'. See log for details.
java.lang.NullPointerException: Cannot invoke "java.net.URL.openStream()" because the return value of "org.eclipse.core.runtime.FileLocator.toFileURL(java.net.URL)" is null
	at org.knime.ui.java.browser.lifecycle.Create.lambda$4(Create.java:187)
	at org.knime.js.cef.middleware.CEFMiddlewareService.lambda$1(CEFMiddlewareService.java:180)
	at com.equo.middleware.ee.provider.handler.DelegatingSchemeHandler.getResponseData(DelegatingSchemeHandler.java:61)
	at com.equo.chromium.swt.internal.spi.DelegatingCefResourceHandler.getResponseHeaders(DelegatingCefResourceHandler.java:57)
2026-09-20 04:33:43,339 : INFO  : Thread-10602 :  : Server :  :  : jetty-12.0.21; built: 2025-05-09T00:32:00.688Z; git: 1c4719601e31b05b7d68910d2edd980259f1f53c; jvm 21.0.9+10-LTS
2026-09-20 04:33:43,348 : INFO  : Thread-10602 :  : AbstractConnector :  :  : Started ServerConnector@3dcb795c{HTTP/1.1, (http/1.1)}{0.0.0.0:49459}
2026-09-20 04:33:43,348 : INFO  : Thread-10602 :  : Server :  :  : Started oejs.Server@5b5b7557{STARTING}[12.0.21,sto=0] @174570ms
2026-09-20 04:33:43,348 : INFO  : Thread-10602 :  : OAuthAuthenticator :  :  : Opening browser to perform authentication for 'https://api.hub.knime.com'.
2026-09-20 04:33:49,892 : INFO  : Thread-10613 :  : Server :  :  : Stopped oejs.Server@5b5b7557{STOPPING}[12.0.21,sto=0]
2026-09-20 04:33:49,897 : INFO  : Thread-10613 :  : AbstractConnector :  :  : Stopped ServerConnector@3dcb795c{HTTP/1.1, (http/1.1)}{0.0.0.0:49459}
2026-09-20 04:34:26,868 : ERROR : Thread-14134 :  : KnimeBrowserView :  :  : %cerror%c Unhandled rejection:: 
      background: #c0392b;
      border-radius: 0.5em;
      color: white;
      font-weight: bold;
      padding: 2px 0.5em;
      [object PromiseRejectionEvent] (source: https://org.knime.ui.java/editor/assets/editor-CIijjzSo.js; line: 55)
2026-09-20 04:34:26,869 : ERROR : Thread-14136 :  : KnimeBrowserView :  :  : Uncaught (in promise) AbortError: The play() request was interrupted because the media was removed from the document. https://goo.gl/LdLk22 (source: https://org.knime.ui.java/editor/index.html#/workflow/KNIME_project_372ba096-d4c1-4569-9c72-8ae2b96e5dab/root?version; line: 0)
2026-09-20 04:35:04,177 : INFO  : KNIME shutdown hooks - org.knime.core.util.FileUtil$$Lambda/0x000001d55942d3c0 :  : FileUtil :  :  : Deleting 1 temporary files.
